// Jest Snapshot v1, https://goo.gl/fbAQLP

exports[`GenesisState interface 1`] = `
"export interface GenesisStateAminoType {
  type: "cosmos-sdk/GenesisState";
  value: GenesisStateAmino;
}"
`;

exports[`MsgSend amino interface 1`] = `
"export interface MsgSendAminoType {
  type: "cosmos-sdk/MsgSend";
  value: MsgSendAmino;
}"
`;

exports[`PageRequest interface 1`] = `
"export interface PageRequestAminoType {
  type: "cosmos-sdk/PageRequest";
  value: PageRequestAmino;
}"
`;

exports[`PageResponse interface 1`] = `
"export interface PageResponseAminoType {
  type: "cosmos-sdk/PageResponse";
  value: PageResponseAmino;
}"
`;

exports[`confio/proofs.proto ExistenceProof 1`] = `
"export interface ExistenceProofAminoType {
  type: "/ics23.ExistenceProof";
  value: ExistenceProofAmino;
}"
`;

exports[`cosmos/auth/v1beta1/auth.proto BaseAccount 1`] = `
"export interface BaseAccountAminoType {
  type: "cosmos-sdk/BaseAccount";
  value: BaseAccountAmino;
}"
`;

exports[`cosmos/authz/v1beta1/authz.proto Grant 1`] = `
"export interface GrantAminoType {
  type: "cosmos-sdk/Grant";
  value: GrantAmino;
}"
`;

exports[`cosmos/authz/v1beta1/authz.proto GrantAuthorization 1`] = `
"export interface GrantAuthorizationAminoType {
  type: "cosmos-sdk/GrantAuthorization";
  value: GrantAuthorizationAmino;
}"
`;

exports[`cosmos/authz/v1beta1/query.proto QueryGrantsRequest 1`] = `
"export interface QueryGrantsRequestAminoType {
  type: "cosmos-sdk/QueryGrantsRequest";
  value: QueryGrantsRequestAmino;
}"
`;

exports[`osmosis/gamm/v1beta1/tx.proto MsgJoinPool 1`] = `
"export interface MsgJoinPoolAminoType {
  type: "osmosis/gamm/join-pool";
  value: MsgJoinPoolAmino;
}"
`;
