// Jest Snapshot v1, https://goo.gl/fbAQLP

exports[`ListValue 1`] = `
"export interface ListValue {
  values: Value[];
}"
`;

exports[`Struct 1`] = `
"export interface Struct {
  fields: {
    [key: string]: Value;
  };
}"
`;

exports[`authz 1`] = `
"export interface authz {
  authorization: Any;
  expiration?: Date;
}"
`;

exports[`oneofs Value 1`] = `
"export interface Value {
  nullValue?: NullValue;
  numberValue?: number;
  stringValue?: string;
  boolValue?: boolean;
  structValue?: Struct;
  listValue?: ListValue;
}"
`;
