// Jest Snapshot v1, https://goo.gl/fbAQLP

exports[`snake to camel 1 1`] = `"a"`;

exports[`snake to camel 1 2`] = `"a"`;

exports[`snake to camel 2 1`] = `"c.b.a"`;

exports[`snake to camel 2 2`] = `"a: c.b.a"`;
