// Jest Snapshot v1, https://goo.gl/fbAQLP

exports[`recursiveNamespace 1`] = `
"export namespace osmosis {
  export namespace gamm {
    export namespace v1beta {
      export namespace pools {
        export const getSigningOsmosisClient = async ({
          rpcEndpoint,
          signer,
          defaultTypes = defaultRegistryTypes
        }: {
          rpcEndpoint: string;
          signer: OfflineSigner;
          defaultTypes?: ReadonlyArray<[string, GeneratedType]>;
        }) => {
          const registry = new Registry([...defaultTypes, ...osmosis.gamm.v1beta1.registry, ...osmosis.superfluid.v1beta1.registry, ...osmosis.lockup.registry]);
          const aminoTypes = new AminoTypes({ ...osmosis.gamm.v1beta1.AminoConverter,
            ...osmosis.superfluid.v1beta1.AminoConverter,
            ...osmosis.lockup.AminoConverter
          });
          const client = await SigningStargateClient.connectWithSigner(rpcEndpoint, signer, {
            registry,
            aminoTypes
          });
          return client;
        };
      }
    }
  }
}"
`;
