// Jest Snapshot v1, https://goo.gl/fbAQLP

exports[`find 1`] = `
[
  {
    "comment": "VoteOption enumerates the valid vote options for a given governance proposal.",
    "comments": {
      "VOTE_OPTION_ABSTAIN": "VOTE_OPTION_ABSTAIN defines an abstain vote option.",
      "VOTE_OPTION_NO": "VOTE_OPTION_NO defines a no vote option.",
      "VOTE_OPTION_NO_WITH_VETO": "VOTE_OPTION_NO_WITH_VETO defines a no with veto vote option.",
      "VOTE_OPTION_UNSPECIFIED": "VOTE_OPTION_UNSPECIFIED defines a no-op vote option.",
      "VOTE_OPTION_YES": "VOTE_OPTION_YES defines a yes vote option.",
    },
    "name": "VoteOption",
    "options": {
      "(gogoproto.goproto_enum_prefix)": false,
    },
    "values": {
      "VOTE_OPTION_ABSTAIN": 2,
      "VOTE_OPTION_NO": 3,
      "VOTE_OPTION_NO_WITH_VETO": 4,
      "VOTE_OPTION_UNSPECIFIED": 0,
      "VOTE_OPTION_YES": 1,
    },
    "valuesOptions": {
      "VOTE_OPTION_ABSTAIN": {
        "(gogoproto.enumvalue_customname)": "OptionAbstain",
      },
      "VOTE_OPTION_NO": {
        "(gogoproto.enumvalue_customname)": "OptionNo",
      },
      "VOTE_OPTION_NO_WITH_VETO": {
        "(gogoproto.enumvalue_customname)": "OptionNoWithVeto",
      },
      "VOTE_OPTION_UNSPECIFIED": {
        "(gogoproto.enumvalue_customname)": "OptionEmpty",
      },
      "VOTE_OPTION_YES": {
        "(gogoproto.enumvalue_customname)": "OptionYes",
      },
    },
  },
  {
    "comment": "ProposalStatus enumerates the valid statuses of a proposal.",
    "comments": {
      "PROPOSAL_STATUS_DEPOSIT_PERIOD": "PROPOSAL_STATUS_DEPOSIT_PERIOD defines a proposal status during the deposit
 period.",
      "PROPOSAL_STATUS_FAILED": "PROPOSAL_STATUS_FAILED defines a proposal status of a proposal that has
 failed.",
      "PROPOSAL_STATUS_PASSED": "PROPOSAL_STATUS_PASSED defines a proposal status of a proposal that has
 passed.",
      "PROPOSAL_STATUS_REJECTED": "PROPOSAL_STATUS_REJECTED defines a proposal status of a proposal that has
 been rejected.",
      "PROPOSAL_STATUS_UNSPECIFIED": "PROPOSAL_STATUS_UNSPECIFIED defines the default propopsal status.",
      "PROPOSAL_STATUS_VOTING_PERIOD": "PROPOSAL_STATUS_VOTING_PERIOD defines a proposal status during the voting
 period.",
    },
    "name": "ProposalStatus",
    "options": {
      "(gogoproto.goproto_enum_prefix)": false,
    },
    "values": {
      "PROPOSAL_STATUS_DEPOSIT_PERIOD": 1,
      "PROPOSAL_STATUS_FAILED": 5,
      "PROPOSAL_STATUS_PASSED": 3,
      "PROPOSAL_STATUS_REJECTED": 4,
      "PROPOSAL_STATUS_UNSPECIFIED": 0,
      "PROPOSAL_STATUS_VOTING_PERIOD": 2,
    },
    "valuesOptions": {
      "PROPOSAL_STATUS_DEPOSIT_PERIOD": {
        "(gogoproto.enumvalue_customname)": "StatusDepositPeriod",
      },
      "PROPOSAL_STATUS_FAILED": {
        "(gogoproto.enumvalue_customname)": "StatusFailed",
      },
      "PROPOSAL_STATUS_PASSED": {
        "(gogoproto.enumvalue_customname)": "StatusPassed",
      },
      "PROPOSAL_STATUS_REJECTED": {
        "(gogoproto.enumvalue_customname)": "StatusRejected",
      },
      "PROPOSAL_STATUS_UNSPECIFIED": {
        "(gogoproto.enumvalue_customname)": "StatusNil",
      },
      "PROPOSAL_STATUS_VOTING_PERIOD": {
        "(gogoproto.enumvalue_customname)": "StatusVotingPeriod",
      },
    },
  },
]
`;
