// Jest Snapshot v1, https://goo.gl/fbAQLP

exports[`find 1`] = `
Array [
  Object {
    "comment": "VoteOption enumerates the valid vote options for a given governance proposal.",
    "comments": Object {
      "VOTE_OPTION_ABSTAIN": "VOTE_OPTION_ABSTAIN defines an abstain vote option.",
      "VOTE_OPTION_NO": "VOTE_OPTION_NO defines a no vote option.",
      "VOTE_OPTION_NO_WITH_VETO": "VOTE_OPTION_NO_WITH_VETO defines a no with veto vote option.",
      "VOTE_OPTION_UNSPECIFIED": "VOTE_OPTION_UNSPECIFIED defines a no-op vote option.",
      "VOTE_OPTION_YES": "VOTE_OPTION_YES defines a yes vote option.",
    },
    "name": "VoteOption",
    "options": Object {
      "(gogoproto.goproto_enum_prefix)": false,
    },
    "values": Object {
      "VOTE_OPTION_ABSTAIN": 2,
      "VOTE_OPTION_NO": 3,
      "VOTE_OPTION_NO_WITH_VETO": 4,
      "VOTE_OPTION_UNSPECIFIED": 0,
      "VOTE_OPTION_YES": 1,
    },
  },
  Object {
    "comment": "ProposalStatus enumerates the valid statuses of a proposal.",
    "comments": Object {
      "PROPOSAL_STATUS_DEPOSIT_PERIOD": "PROPOSAL_STATUS_DEPOSIT_PERIOD defines a proposal status during the deposit
period.",
      "PROPOSAL_STATUS_FAILED": "PROPOSAL_STATUS_FAILED defines a proposal status of a proposal that has
failed.",
      "PROPOSAL_STATUS_PASSED": "PROPOSAL_STATUS_PASSED defines a proposal status of a proposal that has
passed.",
      "PROPOSAL_STATUS_REJECTED": "PROPOSAL_STATUS_REJECTED defines a proposal status of a proposal that has
been rejected.",
      "PROPOSAL_STATUS_UNSPECIFIED": "PROPOSAL_STATUS_UNSPECIFIED defines the default propopsal status.",
      "PROPOSAL_STATUS_VOTING_PERIOD": "PROPOSAL_STATUS_VOTING_PERIOD defines a proposal status during the voting
period.",
    },
    "name": "ProposalStatus",
    "options": Object {
      "(gogoproto.goproto_enum_prefix)": false,
    },
    "values": Object {
      "PROPOSAL_STATUS_DEPOSIT_PERIOD": 1,
      "PROPOSAL_STATUS_FAILED": 5,
      "PROPOSAL_STATUS_PASSED": 3,
      "PROPOSAL_STATUS_REJECTED": 4,
      "PROPOSAL_STATUS_UNSPECIFIED": 0,
      "PROPOSAL_STATUS_VOTING_PERIOD": 2,
    },
  },
]
`;
