// Jest Snapshot v1, https://goo.gl/fbAQLP

exports[`Coin 1`] = `
Array [
  "Coin",
  "DecCoin",
  "IntProto",
  "DecProto",
]
`;

exports[`Msg listServices 1`] = `
Array [
  Object {
    "methods": Array [
      Object {
        "comment": null,
        "filename": null,
        "name": "JoinPool",
        "options": undefined,
        "requestStream": undefined,
        "requestType": "MsgJoinPool",
        "resolved": false,
        "resolvedRequestType": null,
        "resolvedResponseType": null,
        "responseStream": undefined,
        "responseType": "MsgJoinPoolResponse",
        "type": "rpc",
      },
      Object {
        "comment": null,
        "filename": null,
        "name": "ExitPool",
        "options": undefined,
        "requestStream": undefined,
        "requestType": "MsgExitPool",
        "resolved": false,
        "resolvedRequestType": null,
        "resolvedResponseType": null,
        "responseStream": undefined,
        "responseType": "MsgExitPoolResponse",
        "type": "rpc",
      },
      Object {
        "comment": null,
        "filename": null,
        "name": "SwapExactAmountIn",
        "options": undefined,
        "requestStream": undefined,
        "requestType": "MsgSwapExactAmountIn",
        "resolved": false,
        "resolvedRequestType": null,
        "resolvedResponseType": null,
        "responseStream": undefined,
        "responseType": "MsgSwapExactAmountInResponse",
        "type": "rpc",
      },
      Object {
        "comment": null,
        "filename": null,
        "name": "SwapExactAmountOut",
        "options": undefined,
        "requestStream": undefined,
        "requestType": "MsgSwapExactAmountOut",
        "resolved": false,
        "resolvedRequestType": null,
        "resolvedResponseType": null,
        "responseStream": undefined,
        "responseType": "MsgSwapExactAmountOutResponse",
        "type": "rpc",
      },
      Object {
        "comment": null,
        "filename": null,
        "name": "JoinSwapExternAmountIn",
        "options": undefined,
        "requestStream": undefined,
        "requestType": "MsgJoinSwapExternAmountIn",
        "resolved": false,
        "resolvedRequestType": null,
        "resolvedResponseType": null,
        "responseStream": undefined,
        "responseType": "MsgJoinSwapExternAmountInResponse",
        "type": "rpc",
      },
      Object {
        "comment": null,
        "filename": null,
        "name": "JoinSwapShareAmountOut",
        "options": undefined,
        "requestStream": undefined,
        "requestType": "MsgJoinSwapShareAmountOut",
        "resolved": false,
        "resolvedRequestType": null,
        "resolvedResponseType": null,
        "responseStream": undefined,
        "responseType": "MsgJoinSwapShareAmountOutResponse",
        "type": "rpc",
      },
      Object {
        "comment": null,
        "filename": null,
        "name": "ExitSwapExternAmountOut",
        "options": undefined,
        "requestStream": undefined,
        "requestType": "MsgExitSwapExternAmountOut",
        "resolved": false,
        "resolvedRequestType": null,
        "resolvedResponseType": null,
        "responseStream": undefined,
        "responseType": "MsgExitSwapExternAmountOutResponse",
        "type": "rpc",
      },
      Object {
        "comment": null,
        "filename": null,
        "name": "ExitSwapShareAmountIn",
        "options": undefined,
        "requestStream": undefined,
        "requestType": "MsgExitSwapShareAmountIn",
        "resolved": false,
        "resolvedRequestType": null,
        "resolvedResponseType": null,
        "responseStream": undefined,
        "responseType": "MsgExitSwapShareAmountInResponse",
        "type": "rpc",
      },
    ],
    "name": "Msg",
  },
]
`;

exports[`Query listServices 1`] = `
Array [
  Object {
    "methods": Array [
      Object {
        "comment": null,
        "filename": null,
        "name": "Pools",
        "options": Object {
          "(google.api.http).get": "/osmosis/gamm/v1beta1/pools",
        },
        "requestStream": undefined,
        "requestType": "QueryPoolsRequest",
        "resolved": false,
        "resolvedRequestType": null,
        "resolvedResponseType": null,
        "responseStream": undefined,
        "responseType": "QueryPoolsResponse",
        "type": "rpc",
      },
      Object {
        "comment": null,
        "filename": null,
        "name": "NumPools",
        "options": Object {
          "(google.api.http).get": "/osmosis/gamm/v1beta1/num_pools",
        },
        "requestStream": undefined,
        "requestType": "QueryNumPoolsRequest",
        "resolved": false,
        "resolvedRequestType": null,
        "resolvedResponseType": null,
        "responseStream": undefined,
        "responseType": "QueryNumPoolsResponse",
        "type": "rpc",
      },
      Object {
        "comment": null,
        "filename": null,
        "name": "TotalLiquidity",
        "options": Object {
          "(google.api.http).get": "/osmosis/gamm/v1beta1/total_liquidity",
        },
        "requestStream": undefined,
        "requestType": "QueryTotalLiquidityRequest",
        "resolved": false,
        "resolvedRequestType": null,
        "resolvedResponseType": null,
        "responseStream": undefined,
        "responseType": "QueryTotalLiquidityResponse",
        "type": "rpc",
      },
      Object {
        "comment": null,
        "filename": null,
        "name": "Pool",
        "options": Object {
          "(google.api.http).get": "/osmosis/gamm/v1beta1/pools/{poolId}",
        },
        "requestStream": undefined,
        "requestType": "QueryPoolRequest",
        "resolved": false,
        "resolvedRequestType": null,
        "resolvedResponseType": null,
        "responseStream": undefined,
        "responseType": "QueryPoolResponse",
        "type": "rpc",
      },
      Object {
        "comment": null,
        "filename": null,
        "name": "PoolParams",
        "options": Object {
          "(google.api.http).get": "/osmosis/gamm/v1beta1/pools/{poolId}/params",
        },
        "requestStream": undefined,
        "requestType": "QueryPoolParamsRequest",
        "resolved": false,
        "resolvedRequestType": null,
        "resolvedResponseType": null,
        "responseStream": undefined,
        "responseType": "QueryPoolParamsResponse",
        "type": "rpc",
      },
      Object {
        "comment": null,
        "filename": null,
        "name": "TotalPoolLiquidity",
        "options": Object {
          "(google.api.http).get": "/osmosis/gamm/v1beta1/pools/{poolId}/total_pool_liquidity",
        },
        "requestStream": undefined,
        "requestType": "QueryTotalPoolLiquidityRequest",
        "resolved": false,
        "resolvedRequestType": null,
        "resolvedResponseType": null,
        "responseStream": undefined,
        "responseType": "QueryTotalPoolLiquidityResponse",
        "type": "rpc",
      },
      Object {
        "comment": null,
        "filename": null,
        "name": "TotalShares",
        "options": Object {
          "(google.api.http).get": "/osmosis/gamm/v1beta1/pools/{poolId}/total_shares",
        },
        "requestStream": undefined,
        "requestType": "QueryTotalSharesRequest",
        "resolved": false,
        "resolvedRequestType": null,
        "resolvedResponseType": null,
        "responseStream": undefined,
        "responseType": "QueryTotalSharesResponse",
        "type": "rpc",
      },
      Object {
        "comment": null,
        "filename": null,
        "name": "SpotPrice",
        "options": Object {
          "(google.api.http).get": "/osmosis/gamm/v1beta1/pools/{poolId}/prices",
        },
        "requestStream": undefined,
        "requestType": "QuerySpotPriceRequest",
        "resolved": false,
        "resolvedRequestType": null,
        "resolvedResponseType": null,
        "responseStream": undefined,
        "responseType": "QuerySpotPriceResponse",
        "type": "rpc",
      },
      Object {
        "comment": null,
        "filename": null,
        "name": "EstimateSwapExactAmountIn",
        "options": Object {
          "(google.api.http).get": "/osmosis/gamm/v1beta1/{poolId}/estimate/swap_exact_amount_in",
        },
        "requestStream": undefined,
        "requestType": "QuerySwapExactAmountInRequest",
        "resolved": false,
        "resolvedRequestType": null,
        "resolvedResponseType": null,
        "responseStream": undefined,
        "responseType": "QuerySwapExactAmountInResponse",
        "type": "rpc",
      },
      Object {
        "comment": null,
        "filename": null,
        "name": "EstimateSwapExactAmountOut",
        "options": Object {
          "(google.api.http).get": "/osmosis/gamm/v1beta1/{poolId}/estimate/swap_exact_amount_out",
        },
        "requestStream": undefined,
        "requestType": "QuerySwapExactAmountOutRequest",
        "resolved": false,
        "resolvedRequestType": null,
        "resolvedResponseType": null,
        "responseStream": undefined,
        "responseType": "QuerySwapExactAmountOutResponse",
        "type": "rpc",
      },
    ],
    "name": "Query",
  },
]
`;
