// Jest Snapshot v1, https://goo.gl/fbAQLP

exports[`recursiveNamespace 1`] = `
"export namespace osmosis {
  export namespace gamm {
    export namespace v1beta {
      export namespace pools {
        export const encoded = {
          joinPool(value: MsgJoinPool) {
            return {
              type_url: \\"/cosmos.pools.transfer.v1.MsgJoinPool\\",
              value: MsgJoinPool.encode(value).finish()
            };
          },

          exitPool(value: MsgExitPool) {
            return {
              type_url: \\"/cosmos.pools.transfer.v1.MsgExitPool\\",
              value: MsgExitPool.encode(value).finish()
            };
          }

        };
      }
    }
  }
}"
`;
